// Jest Snapshot v1, https://goo.gl/fbAQLP

exports[`<Modal /> should have the basic css settings 1`] = `
.c0 {
  box-sizing: border-box;
  position: fixed;
  top: 0;
  left: 0;
  right: 0;
  bottom: 0;
  margin: 0;
  padding: 0;
  display: -webkit-box;
  display: -webkit-flex;
  display: -ms-flexbox;
  display: flex;
  -webkit-flex-direction: row;
  -ms-flex-direction: row;
  flex-direction: row;
  -webkit-align-items: center;
  -webkit-box-align: center;
  -ms-flex-align: center;
  align-items: center;
  -webkit-box-pack: center;
  -webkit-justify-content: center;
  -ms-flex-pack: center;
  justify-content: center;
  background-color: rgba(0,0,0,0.5);
}

<body>
  <div />
  <div
    class="c0"
    data-background-color="rgba(0, 0, 0, 0.5)"
  />
</body>
`;
