// Jest Snapshot v1, https://goo.gl/fbAQLP

exports[`<Row /> should have the basic css settings 1`] = `
.c0 {
  box-sizing: border-box;
  display: -webkit-box;
  display: -webkit-flex;
  display: -ms-flexbox;
  display: flex;
  margin-bottom: 0px;
  margin-left: 0px;
  margin-right: 0px;
  margin-top: 0px;
  padding-bottom: 0px;
  padding-left: 0px;
  padding-right: 0px;
  padding-top: 0px;
  -webkit-flex-direction: row;
  -ms-flex-direction: row;
  flex-direction: row;
}

<body>
  <div>
    <div
      class="c0"
      data-direction="row"
      data-margin-bottom="0px"
      data-margin-left="0px"
      data-margin-right="0px"
      data-margin-top="0px"
      data-padding-bottom="0px"
      data-padding-left="0px"
      data-padding-right="0px"
      data-padding-top="0px"
    />
  </div>
</body>
`;
