// Jest Snapshot v1, https://goo.gl/fbAQLP

exports[`<Style /> should have the basic css settings 1`] = `
.c0 {
  box-sizing: border-box;
}

<body>
  <div>
    <span
      class="c0"
    />
  </div>
</body>
`;
